#0 building with "desktop-linux" instance using docker driver

#1 [internal] load build definition from Dockerfile
#1 transferring dockerfile: 136B done
#1 DONE 0.0s

#2 resolve image config for docker-image://docker.io/docker/dockerfile:1
#2 DONE 0.5s

#3 docker-image://docker.io/docker/dockerfile:1@sha256:ecfaec9ed6d810b56388c508f4121597bfbba70d41a6dfeee4d8cad5f295fc32
#3 resolve docker.io/docker/dockerfile:1@sha256:ecfaec9ed6d810b56388c508f4121597bfbba70d41a6dfeee4d8cad5f295fc32 0.0s done
#3 CACHED

#4 [internal] load metadata for docker.io/library/alpine:3.22
#4 DONE 0.4s

#5 [internal] load .dockerignore
#5 transferring context: 76B done
#5 DONE 0.0s

#6 [internal] load build context
#6 transferring context: 174B done
#6 DONE 0.0s

#7 [1/3] FROM docker.io/library/alpine:3.22@sha256:14358309a308569c32bdc37e2e0e9694be33a9d99e68afb0f5ff33cc1f695dce
#7 resolve docker.io/library/alpine:3.22@sha256:14358309a308569c32bdc37e2e0e9694be33a9d99e68afb0f5ff33cc1f695dce 0.0s done
#7 DONE 0.0s

#8 [2/3] WORKDIR /app
#8 CACHED

#9 [3/3] COPY . .
#9 DONE 0.0s

#10 exporting to image
#10 exporting layers 0.0s done
#10 exporting manifest sha256:0587f4e8a7e3b970a3c306151985d5afeb26894f22b047639bfaab323f04d5b5 done
#10 exporting config sha256:0daf8a246adbdf02c58774da9d47706a4b067ed9c3ab0a470c068bb063d2c2d5 done
#10 exporting attestation manifest sha256:95612afaa7f3ef34a07a8cbfe922029d5735be92941220c0f9b936e70e792156 done
#10 exporting manifest list sha256:a7a25b9d6d1e93a58435cfe116d2b52f82eb84f11adbb11fd2d6885926daeb40 done
#10 naming to docker.io/library/context-lab:after done
#10 unpacking to docker.io/library/context-lab:after done
#10 DONE 0.1s
