#0 building with "desktop-linux" instance using docker driver

#1 [internal] load build definition from Dockerfile
#1 transferring dockerfile: 136B done
#1 DONE 0.0s

#2 resolve image config for docker-image://docker.io/docker/dockerfile:1
#2 DONE 3.5s

#3 docker-image://docker.io/docker/dockerfile:1@sha256:ecfaec9ed6d810b56388c508f4121597bfbba70d41a6dfeee4d8cad5f295fc32
#3 resolve docker.io/docker/dockerfile:1@sha256:ecfaec9ed6d810b56388c508f4121597bfbba70d41a6dfeee4d8cad5f295fc32 0.0s done
#3 CACHED

#4 [internal] load metadata for docker.io/library/alpine:3.22
#4 DONE 1.2s

#5 [internal] load .dockerignore
#5 transferring context: 2B done
#5 DONE 0.0s

#6 [internal] load build context
#6 transferring context: 2.10MB 0.0s done
#6 DONE 0.0s

#7 [1/3] FROM docker.io/library/alpine:3.22@sha256:14358309a308569c32bdc37e2e0e9694be33a9d99e68afb0f5ff33cc1f695dce
#7 resolve docker.io/library/alpine:3.22@sha256:14358309a308569c32bdc37e2e0e9694be33a9d99e68afb0f5ff33cc1f695dce 0.0s done
#7 sha256:738128faa30f570583b0e57efd831e0e6a2a9aacf1be88c8f4c1ef8a5b7033cc 0B / 4.12MB 0.2s
#7 sha256:738128faa30f570583b0e57efd831e0e6a2a9aacf1be88c8f4c1ef8a5b7033cc 4.12MB / 4.12MB 0.3s done
#7 DONE 0.3s

#7 [1/3] FROM docker.io/library/alpine:3.22@sha256:14358309a308569c32bdc37e2e0e9694be33a9d99e68afb0f5ff33cc1f695dce
#7 extracting sha256:738128faa30f570583b0e57efd831e0e6a2a9aacf1be88c8f4c1ef8a5b7033cc 0.0s done
#7 DONE 0.4s

#8 [2/3] WORKDIR /app
#8 DONE 0.0s

#9 [3/3] COPY . .
#9 DONE 0.0s

#10 exporting to image
#10 exporting layers 0.0s done
#10 exporting manifest sha256:3390fe0f9803e161489783e8f8e5726614318522430deb59eee20dba54fc032e done
#10 exporting config sha256:57e577aec7287e0798dcc719e05ba3e978978d979bc16955bf206cd7ce91ca76 done
#10 exporting attestation manifest sha256:959f775d2d66421cf2d2f391e97fa4cd7f499c65c378738447edcce26c703b97 done
#10 exporting manifest list sha256:c1087557b6eba7070f526f655d67ca339ed0e18bfa1f6cda0fdb0939e375c405
#10 exporting manifest list sha256:c1087557b6eba7070f526f655d67ca339ed0e18bfa1f6cda0fdb0939e375c405 done
#10 naming to docker.io/library/context-lab:before done
#10 unpacking to docker.io/library/context-lab:before 0.0s done
#10 DONE 0.1s
